// Jest Snapshot v1, https://goo.gl/fbAQLP

exports[`MoviePoster renders the movie poster correctly 1`] = `
<img
  class="MoviePoster__Poster-nu5x18-0 bxbeZu"
  src="https://image.tmdb.org/t/p/original/btTdmkgIvOi0FFip1sPuZI2oQG6.jpg"
/>
`;
