// Jest Snapshot v1, https://goo.gl/fbAQLP

exports[`Button snapshot renders correctly 1`] = `
<button
  class="Button__StyledButton-tmhdcf-0 xaYYJ"
>
  Test
</button>
`;
