// Jest Snapshot v1, https://goo.gl/fbAQLP

exports[`LoadingSpinner renders correctly 1`] = `
<div>
  <div
    class="LoadingSpinner__Ring-nzk750-0 jkoKXZ"
  >
    <div />
    <div />
    <div />
    <div />
  </div>
</div>
`;
